

::::::::::::::::::::::::::::::::::::::::::::::::::::::::::::::
:::'###:::::'######:::'######::'########:'########::'########:
::'## ##:::'##... ##:'##... ##: ##.....:: ##.... ##:... ##..::
:'##:. ##:: ##:::..:: ##:::..:: ##::::::: ##:::: ##:::: ##::::
'##:::. ##: ##::::::: ##::::::: ######::: ########::::: ##::::
 #########: ##::::::: ##::::::: ##...:::: ##.. ##:::::: ##::::
 ##.... ##: ##::: ##: ##::: ##: ##::::::: ##::. ##::::: ##::::
 ##:::: ##:. ######::. ######:: ########: ##:::. ##:::: ##::::
..:::::..:::.......::::......::........::..:::::..:::::..:::::


======================================== Reading user input ========================================


[USER_INPUT] Reference model is "fusion" 

WARNING: No power input found in the user input file

[Updating] Variable csi
[Updated]  Changed from 16.0 million to 16.0 million

[Updating] Variable lsa
[Updated]  Changed from 4.0 1 to 4.0 1

=================================Extracting user changed variables==================================


+----------+---------------------------------------------------------+-----------+----------+
| var_name |                     var_description                     | var_value | var_unit |
+----------+---------------------------------------------------------+-----------+----------+
|   csi    |                 allowance for site costs                |   16.00   | million  |
|   lsa    | Level of safety assurance switch (generally use 3 or 4) |    4.00   |    1     |
+----------+---------------------------------------------------------+-----------+----------+


====================================Extracting affected accounts====================================
variable "csi" affects account(s):
211

variable "lsa" affects account(s):
211, 212, 213, 2141, 2142, 215, 216, 2171, 2172, 2173, 2174, 22121, 22122, 22123, 22124, 22131,
22132, 2214, 22211, 22212, 22213, 22214, 22215, 22221, 22222, 22223, 22224, 2223, 22611, 22612,
2262, 2263, 241, 242, 243, 244, 245, 25, 26

======================================== Updating accounts =========================================
[Updating] Account [211], running algorithm: [acc211], 
[Updating] with formulation: acc211= csi*cmlsa[lsa-1] + cland
[Updating] Total cost of account 211
[Updated]  Changed from 35,200,000.00 dollar to 35,200,000.00 dollar

 
[Updating] Account [212], running algorithm: [acc212], 
[Updating] with formulation: acc212= (1.0e-6*ucrb*rbvol)**exprb* cmlsa[lsa - 1]
[Updating] Total cost of account 212
[Updated]  Changed from 452,161,853.10 dollar to 452,161,853.00 dollar

 
[Updating] Account [213], running algorithm: [acc213], 
[Updating] with formulation:  if ireactor == 1:
        acc213 = cturbb * cmlsa[lsa - 1]
    else: acc213 = 0.0e0
[Updating] Total cost of account 213
[Updated]  Changed from 38,000,000.00 dollar to 38,000,000.00 dollar

 
[Updating] Account [2141], running algorithm: [acc2141], 
[Updating] with formulation: acc2142 = 1.0e-6*ucmb*rmbvol**exprb*cmlsa[lsa - 1]
[Updating] Total cost of account 2141
[Updated]  Changed from 103,067,666.80 dollar to 103,067,666.00 dollar

 
[Updating] Account [2142], running algorithm: [acc2142], 
[Updating] with formulation: acc2142 = (1.0e-6*ucws*wsvol)**exprb*cmlsa[lsa - 1]
[Updating] Total cost of account 2142
[Updated]  Changed from 57,641,276.92 dollar to 57,641,276.00 dollar

 
[Updating] Account [215], running algorithm: [acc215], 
[Updating] with formulation: acc215 = ((1.0e-6*uctr*triv)*exprb)*cmlsa[lsa - 1]
[Updating] Total cost of account 215
[Updated]  Changed from 14,800,000.00 dollar to 14,799,999.00 dollar

 
[Updating] Account [216], running algorithm: [acc216], 
[Updating] with formulation: acc216 = 1.0e-6*ucel*elevol**exprb*cmlsa[lsa - 1]
[Updating] Total cost of account 216
[Updated]  Changed from 19,706,763.56 dollar to 19,706,763.00 dollar

 
[Updating] Account [2171], running algorithm: [acc2171], 
[Updating] with formulation: acc2171 = 1.0e-6*ucad*admvol**exprb* cmlsa[lsa - 1]
[Updating] Total cost of account 2171
[Updated]  Changed from 18,000,000.00 dollar to 18,000,000.00 dollar

 
[Updating] Account [2172], running algorithm: [acc2172], 
[Updating] with formulation: acc2172 = 1.0e-6*ucconc*convol**exprb* cmlsa[lsa - 1]
[Updating] Total cost of account 2172
[Updated]  Changed from 21,000,000.00 dollar to 21,000,000.00 dollar

 
[Updating] Account [2173], running algorithm: [acc2173], 
[Updating] with formulation: acc2173 = 1.0e-6*ucsh*shovol**exprb*cmlsa[lsa - 1]
[Updating] Total cost of account 2173
[Updated]  Changed from 11,500,000.00 dollar to 11,499,999.00 dollar

 
[Updating] Account [2174], running algorithm: [acc2174], 
[Updating] with formulation: acc2174 = 1.0e-6*uccr*cryvol**exprb*cmlsa[lsa - 1]
[Updating] Total cost of account 2174
[Updated]  Changed from 7,570,723.20 dollar to 7,570,723.00 dollar

 
[Updating] Account [22121], running algorithm: [acc22121], 
[Updating] with formulation: if ife == 1:
        acc22121 = 0
    else:
        if iblanket == 4:
            acc22121 = 1.0e-6*wtbllipb*ucbllipb
        else:
            acc22121 = 1.0e-6*whtblbe*ucblbe
    acc22121 = fkind*acc22121*cmlsa[lsa-1]
[Updating] Total cost of account 22121
[Updated]  Changed from 261,092,739.80 dollar to 261,092,739.00 dollar

 
[Updating] Account [22122], running algorithm: [acc22122], 
[Updating] with formulation: if ife == 1:
        if iblanket == 4:
            acc22122 = 1.0e-6*whtblli*ucblli
        else:
            if iblanket == 2:
                acc22122 = 1.0e-6*whtblbreed*ucblbreed
            else:
                acc22122 = 1.0e-6*wtblli2o*ucblli2o
    else:
        acc22122 = 1.0e-6*wtblli2o*ucblli2o
    acc22122 =fkind*acc22122*cmlsa[lsa - 1]
[Updating] Total cost of account 22122
[Updated]  Changed from 639,846,060.70 dollar to 639,846,060.00 dollar

 
[Updating] Account [22123], running algorithm: [acc22123], 
[Updating] with formulation: acc22123 = acc22123 = 1.0e-6*whtblss*ucblss
 acc22123 = fkind*acc22123*cmlsa[lsa - 1]
[Updating] Total cost of account 22123
[Updated]  Changed from 80,726,178.24 dollar to 80,726,178.00 dollar

 
[Updating] Account [22124], running algorithm: [acc22124], 
[Updating] with formulation: if ife == 1:
        acc22124 = 1.0e-6*whtblvd*ucblvd
 else:
        acc22124 = 0
  acc22124 = fkind*acc22124*cmlsa[lsa-1]
  return acc22124
[Updating] Total cost of account 22124
[Updated]  Changed from 0.00 dollar to 0.00 dollar

 
[Updating] Account [22131], running algorithm: [acc22131], 
[Updating] with formulation: if ife == 1:
        acc22131 = 1.0e-6*cmlsa[lsa - 1]*ucshld*(shmatm[1, 0] + shmatm[2, 0]+shmatm[3, 0])
        + uccarb*(shmatm[1, 1]+ shmatm[2, 1]+ shmatm[3, 1])
        + ucblli2o*(shmatm[1, 1]+ shmatm[2, 1]+ shmatm[3, 1])
        + ucconc* (shmatm[1, 1] + shmatm[2, 1]+ shmatm[3, 1]) 
    else:
        acc22131 = 1.0e-6*whtshld*ucshld*cmlsa[lsa - 1] 
    acc22131 = fkind*acc22131
[Updating] Total cost of account 22131
[Updated]  Changed from 78,394,202.68 dollar to 78,394,202.00 dollar

 
[Updating] Account [22132], running algorithm: [acc22132], 
[Updating] with formulation: if ife == 1:
        acc22132 = 1.0e-6*wpenshld*ucpens* cmlsa[lsa - 1]
    else:
        acc22132 = 1.0e-6*wpenshld*ucpens* cmlsa[lsa - 1]
    acc22132 = fkind*acc22132
[Updating] Total cost of account 22132
[Updated]  Changed from 78,394,202.68 dollar to 78,394,202.00 dollar

 
[Updating] Account [2214], running algorithm: [acc2214], 
[Updating] with formulation: acc2214 = 1.0e-6*gsmass*ucgss*cmlsa[lsa - 1]
    acc2214 = fkind*acc2214
[Updating] Total cost of account 2214
[Updated]  Changed from 41,648,347.22 dollar to 41,648,347.00 dollar

 
[Updating] Account [22211], running algorithm: [acc22211], 
[Updating] with formulation: if i_tf_sup == 1:  
        costtfsc = ucsc[i_tf_sc_mat - 1]*whtconsc/(tfleng*n_tf_turn)
        costtfcu = uccu*whtconcu/(tfleng*n_tf_turn)
        costwire = costtfsc+costtfcu
        ctfconpm = costwire+cconshtf+cconfix
        acc22211 = 1.0e-6*ctfconpm*n_tf*tfleng*n_tf_turn
        acc22211 = fkind*acc22211*cmlsa[lsa - 1]
    else:  
        acc22211 = 1.0e-6*whtcp*uccpcl1*cmlsa[lsa - 1]
        acc22211 = fkind*acc22211
        if (itart == 1) and (ifueltyp == 1):
            acc22211 = cpstcst
            accc22211 = 0.0e0
        elif (itart == 1) and (ifueltyp == 2):
            acc22211 = cpstcst
[Updating] Total cost of account 22211
[Updated]  Changed from 130,258,092.50 dollar to 130,258,092.00 dollar

 
[Updating] Account [22212], running algorithm: [acc22212], 
[Updating] with formulation: if i_tf_sup == 1:
        acc22212 = 1.0e-6*ucwindtf*n_tf*tfleng*n_tf_turn
        acc22212 = fkind*acc22212*cmlsa[lsa-1]
    else:
        acc22212 = 1.0e-6*whttflgs*uccpclb*cmlsa[lsa - 1]
        acc22212 = fkind*acc22212
[Updating] Total cost of account 22212
[Updated]  Changed from 55,700,223.23 dollar to 55,700,223.00 dollar

 
[Updating] Account [22213], running algorithm: [acc22213], 
[Updating] with formulation:  if i_tf_sup == 1:
        acc22213 = 1.0e-6*(whtcas*uccase)*n_tf
        acc22213 = fkind*acc22213*cmlsa[lsa - 1]
    else:
        acc22213 = 0
[Updating] Total cost of account 22213
[Updated]  Changed from 439,106,666.30 dollar to 439,106,666.00 dollar

 
[Updating] Account [22214], running algorithm: [acc22214], 
[Updating] with formulation: if i_tf_sup == 1:
        acc22214 = 1.0e-6*aintmass*ucint
        acc22214 = fkind*acc22214*cmlsa[lsa - 1]
    else:
        acc22214 = 0
[Updating] Total cost of account 22214
[Updated]  Changed from 150,045,051.60 dollar to 150,045,051.00 dollar

 
[Updating] Account [22215], running algorithm: [acc22215], 
[Updating] with formulation: if i_tf_sup == 1:
        acc22215 = 1.0e-6*clgsmass*ucgss
        acc22215 = fkind*acc22215*cmlsa[lsa - 1]
    else:
        acc22215 = 0
[Updating] Total cost of account 22215
[Updated]  Changed from 45,440,398.23 dollar to 45,440,398.00 dollar

 
[Updating] Account [22221], running algorithm: [acc22221], 
[Updating] with formulation: 
[Updating] Total cost of account 22221
[Updated]  Changed from 466,068,431.20 dollar to 466,068,431.00 dollar

 
[Updating] Account [22222], running algorithm: [acc22222], 
[Updating] with formulation: for i in range(0, nohc):
        pfwndl = pfwndl +(twopi*rpf[i] *turns[i])
    acc22222 = 1.0e-6*ucwindpf*pfwndl
    acc22222 = fkind*acc22222*cmlsa[lsa - 1]
[Updating] Total cost of account 22222
[Updated]  Changed from 77,130,237.29 dollar to 77,130,237.00 dollar

 
[Updating] Account [22223], running algorithm: [acc22223], 
[Updating] with formulation: acc22223 = 1.0e-6*uccase*whtpfs
    acc22223 = fkind*acc22223*cmlsa[lsa - 1]
[Updating] Total cost of account 22223
[Updated]  Changed from 129,551,313.80 dollar to 129,551,313.00 dollar

 
[Updating] Account [22224], running algorithm: [acc22224], 
[Updating] with formulation: acc22224 = 1.0e-6*ucfnc*fncmass
    acc22224 = fkind*acc22224*cmlsa[lsa - 1]
[Updating] Total cost of account 22224
[Updated]  Changed from 8,050,194.63 dollar to 8,050,194.00 dollar

 
[Updating] Account [2223], running algorithm: [acc2223], 
[Updating] with formulation: acc2223 = 1.0e-6*vvmass*uccryo
    acc2223 = fkind*acc2223*cmlsa[lsa - 1]
[Updating] Total cost of account 2223
[Updated]  Changed from 254,042,123.80 dollar to 254,042,123.00 dollar

 
[Updating] Account [2262], running algorithm: [acc2262], 
[Updating] with formulation: cal_acc2262 = cal_accppa
[Updating] Total cost of account 2262
[Updated]  Changed from 29,300,032.53 dollar to 29,298,849.00 dollar

 
[Updating] Account [2263], running algorithm: [acc2263], 
[Updating] with formulation: 
[Updating] Total cost of account 2263
[Updated]  Changed from 193,350,599.40 dollar to 193,350,599.00 dollar

 
[Updating] Account [241], running algorithm: [acc241], 
[Updating] with formulation: acc241 = 1.0e-6*ucswyd*cmlsa[lsa - 1]
[Updating] Total cost of account 241
[Updated]  Changed from 18,400,000.00 dollar to 18,400,000.00 dollar

 
[Updating] Account [242], running algorithm: [acc242], 
[Updating] with formulation: acc242 = 1.0e-6*((ucpp*(pacpmw* 1.0e3)**expepe)+ucap*(fcsht * 1.0e3))
    acc242 = acc242 * cmlsa[lsa - 1]
[Updating] Total cost of account 242
[Updated]  Changed from 7,502,814.23 dollar to 7,497,683.00 dollar

 
[Updating] Account [243], running algorithm: [acc243], 
[Updating] with formulation: 
[Updating] Total cost of account 243
[Updated]  Changed from 6,573,339.47 dollar to 6,579,999.00 dollar

 
[Updating] Account [244], running algorithm: [acc244], 
[Updating] with formulation: acc244 = 1.0e-6*ucdgen*4.0e0*cmlsa[lsa - 1]
[Updating] Total cost of account 244
[Updated]  Changed from 6,800,000.00 dollar to 6,800,000.00 dollar

 
[Updating] Account [245], running algorithm: [acc245], 
[Updating] with formulation: acc245 = 1.0e-6*ucaf*cmlsa[lsa - 1]
[Updating] Total cost of account 245
[Updated]  Changed from 1,500,000.00 dollar to 1,500,000.00 dollar

 
[Updating] Account [25], running algorithm: [acc25], 
[Updating] with formulation: acc25 = 1.0e-6*ucmisc*cmlsa[lsa - 1]
[Updating] Total cost of account 25
[Updated]  Changed from 25,000,000.00 dollar to 25,000,000.00 dollar

 
[Updating] Account [26], running algorithm: [acc26], 
[Updating] with formulation: if ireactor == 0:
        pwrrej = powfmw+pinjwp+tfcmw
    else:
        pwrrej = pthermmw - pgrossmw
    acc26 = (1.0e-6*uchrs*pwrrej)/ 2300.0e0*cmlsa[lsa - 1]
[Updating] Total cost of account 26
[Updated]  Changed from 50,520,149.78 dollar to 50,523,391.00 dollar

 
===================================== Rolling up account table =====================================


[Updating] Rolling up account table from level 4 to level 3 
[Updating] Rolling up account table from level 3 to level 2 
[Updating] Rolling up account table from level 2 to level 1 
[Updating] Rolling up account table from level 1 to level 0 
[Updated]  Account table rolled up

=============================== Generating results table for review ================================


+-----------------+--------------------------------------------------+------------+-------+---------------+
| code_of_account |               account_description                | total_cost | level | review_status |
+-----------------+--------------------------------------------------+------------+-------+---------------+
| 2               | Plant direct cost                                |   5,523.94 |   0   |    Updated    |
|  21             | Total account 21 cost                            |     778.65 |   1   |    Updated    |
|   211           | Site improvements, facilities, land              |      35.20 |   2   |   User Input  |
|   212           | Reactor building cost                            |     452.16 |   2   |   User Input  |
|   213           | Turbine building cost                            |      38.00 |   2   |   User Input  |
|   214           | Reactor maintenance and warm shop buildings cost |     160.71 |   2   |    Updated    |
|    2141         | Reactor maintenance building cost                |     103.07 |   3   |   User Input  |
|    2142         | Warm shop cost                                   |      57.64 |   3   |   User Input  |
|   215           | Tritium building cost                            |      14.80 |   2   |   User Input  |
|   216           | Electrical equipment building cost               |      19.71 |   2   |   User Input  |
|   217           | Other buildings cost                             |      58.07 |   2   |    Updated    |
|    2171         | Additional buildings cost                        |      18.00 |   3   |   User Input  |
|    2172         | Control room buildings cost                      |      21.00 |   3   |   User Input  |
|    2173         | Shop and warehouses cost                         |      11.50 |   3   |   User Input  |
|    2174         | Cryogenic building cost                          |       7.57 |   3   |   User Input  |
|  22             | Total account 22 cost                            |   4,450.97 |   1   |    Updated    |
|   221           | Total account 221 cost                           |   1,413.06 |   2   |    Updated    |
|    2211         | First wall cost                                  |     191.30 |   3   |   Unchanged   |
|    2212         | Blanket total cost                               |     981.66 |   3   |    Updated    |
|     22121       | Blanket beryllium cost                           |     261.09 |   4   |   User Input  |
|     22122       | Blanket breeder material cost                    |     639.85 |   4   |   User Input  |
|     22123       | Blanket stainless steel cost                     |      80.73 |   4   |   User Input  |
|     22124       | Blanket vanadium cost                            |       0.00 |   4   |   User Input  |
|    2213         | Total shield cost                                |     156.79 |   3   |    Updated    |
|     22131       | Bulk shield cost                                 |      78.39 |   4   |   User Input  |
|     22132       | Penetration shielding cost                       |      78.39 |   4   |   User Input  |
|    2214         | Total support structure cost                     |      41.65 |   3   |   User Input  |
|    2215         | Divertor cost                                    |      41.66 |   3   |   Unchanged   |
|   222           | Total account 222 cost                           |   1,755.39 |   2   |    Updated    |
|    2221         | TF magnet assemblies cost                        |     820.55 |   3   |    Updated    |
|     22211       | TF coil conductor cost                           |     130.26 |   4   |   User Input  |
|     22212       | TF coil winding cost                             |      55.70 |   4   |   User Input  |
|     22213       | TF coil case cost                                |     439.11 |   4   |   User Input  |
|     22214       | TF intercoil structure cost                      |     150.05 |   4   |   User Input  |
|     22215       | TF coil gravity support structure                |      45.44 |   4   |   User Input  |
|    2222         | PF magnet assemblies cost                        |     680.80 |   3   |    Updated    |
|     22221       | PF coil conductor cost                           |     466.07 |   4   |   User Input  |
|     22222       | PF coil winding cost                             |      77.13 |   4   |   User Input  |
|     22223       | PF coil case cost                                |     129.55 |   4   |   User Input  |
|     22224       | PF coil support structure cost                   |       8.05 |   4   |   User Input  |
|    2223         | Vacuum vessel assembly cost                      |     254.04 |   3   |   User Input  |
|   223           | Total account 223 cost                           |     241.05 |   2   |    Updated    |
|    2231         | ECH system cost                                  |     241.05 |   3   |   Unchanged   |
|    2232         | Lower hybrid system cost                         |       0.00 |   3   |   Unchanged   |
|    2233         | Neutral beam system cost                         |       0.00 |   3   |   Unchanged   |
|   224           | Total account 224 cost                           |      26.93 |   2   |    Updated    |
|    2241         | High vacuum pumps cost                           |      12.48 |   3   |   Unchanged   |
|    2242         | Backing pumps cost                               |       4.68 |   3   |   Unchanged   |
|    2243         | Vacuum duct cost                                 |       2.59 |   3   |   Unchanged   |
|    2244         | Valves cost                                      |       5.88 |   3   |   Unchanged   |
|    2245         | Duct shielding cost                              |       0.00 |   3   |   Unchanged   |
|    2246         | Instrumentation cost                             |       1.30 |   3   |   Unchanged   |
|   225           | Total account 225 cost                           |     154.88 |   2   |    Updated    |
|    2251         | Total, TF coil power costs                       |      98.21 |   3   |    Updated    |
|     22511       | TF coil power supplies cost                      |       3.97 |   4   |   Unchanged   |
|     22512       | TF coil breakers cost                            |      34.11 |   4   |   Unchanged   |
|     22513       | TF coil dump resistors cost                      |      21.13 |   4   |   Unchanged   |
|     22514       | TF coil instrumentation and control              |       4.80 |   4   |   Unchanged   |
|     22515       | TF coil bussing cost                             |      34.20 |   4   |   Unchanged   |
|    2252         | Total, PF coil power costs                       |      39.77 |   3   |    Updated    |
|     22521       | PF coil power supplies cost                      |       2.93 |   4   |   Unchanged   |
|     22522       | PF coil instrumentation and control              |       3.60 |   4   |   Unchanged   |
|     22523       | PF coil bussing cost                             |      12.00 |   4   |   Unchanged   |
|     22524       | PF coil burn power supplies cost                 |       1.27 |   4   |   Unchanged   |
|     22525       | PF coil breakers cost                            |      14.71 |   4   |   Unchanged   |
|     22526       | PF coil dump resistors cost                      |       4.36 |   4   |   Unchanged   |
|     22527       | PF coil ac breakers cost                         |       0.90 |   4   |   Unchanged   |
|    2253         | Total, energy storage cost                       |      16.90 |   3   |   Unchanged   |
|   226           | Total account 226 cost                           |     332.12 |   2   |    Updated    |
|    2261         | Total, reactor cooling system cost               |     109.47 |   3   |    Updated    |
|     22611       | Pumps and piping system cost                     |      37.13 |   4   |   Unchanged   |
|     22612       | Primary heat exchanger cost                      |      72.34 |   4   |   Unchanged   |
|    2262         | Pumps, piping cost                               |      29.30 |   3   |   User Input  |
|    2263         | Total, cryogenic system cost                     |     193.35 |   3   |   User Input  |
|   227           | Total account 227 cost                           |     252.54 |   2   |    Updated    |
|    2271         | Fuelling system cost                             |      22.30 |   3   |   Unchanged   |
|    2272         | Fuel processing and purification cost            |     103.00 |   3   |   Unchanged   |
|    2273         | Atmospheric recovery systems cost                |      58.06 |   3   |   Unchanged   |
|    2274         | Nuclear building ventilation cost                |      69.18 |   3   |   Unchanged   |
|   228           | Instrumentation and control cost                 |     150.00 |   2   |   Unchanged   |
|   229           | Maintenance equipment cost                       |     125.00 |   2   |   Unchanged   |
|  23             | Turbine plant equipment cost                     |     178.01 |   1   |   Unchanged   |
|  24             | Total account 24 cost                            |      40.78 |   1   |    Updated    |
|   241           | Switchyard equipment cost                        |      18.40 |   2   |   User Input  |
|   242           | Transformers cost                                |       7.50 |   2   |   User Input  |
|   243           | Low voltage equipment cost                       |       6.58 |   2   |   User Input  |
|   244           | Diesel backup equipment cost                     |       6.80 |   2   |   User Input  |
|   245           | Auxiliary facilities cost                        |       1.50 |   2   |   User Input  |
|  25             | Miscellaneous plant equipment cost               |      25.00 |   1   |   User Input  |
|  26             | Heat rejection system cost                       |      50.52 |   1   |   User Input  |
+-----------------+--------------------------------------------------+------------+-------+---------------+
Successfully created excel file fusion_updated_account.xlsx
